Microchip MPLAB XC8 Compiler V1.45 ()

Linker command line:

--edf=C:\Program Files (x86)\Microchip\xc8\v1.45\dat\en_msgs.txt -cs \
  -h+dist/default/production\preamp.X.production.sym \
  --cmf=dist/default/production\preamp.X.production.cmf -z -Q18F4455 \
  -oC:\Users\PHIL~1.BLI\AppData\Local\Temp\s614.2 \
  -Mdist/default/production/preamp.X.production.map -E1 -ver=XC8 \
  -ASTACK=098h-07ffh -pstack=STACK -ACODE=00h-05FFFh -ACONST=00h-05FFFh \
  -ASMALLCONST=0800h-08FFhx88 -AMEDIUMCONST=0800h-05FFFh -ACOMRAM=01h-05Fh \
  -AABS1=00h-07FFh -ABIGRAM=01h-07FFh -ARAM=060h-0FFh,0100h-01FFhx7 \
  -ABANK0=060h-0FFh -ABANK1=0100h-01FFh -ABANK2=0200h-02FFh \
  -ABANK3=0300h-03FFh -ABANK4=0400h-04FFh -ABANK5=0500h-05FFh \
  -ABANK6=0600h-06FFh -ABANK7=0700h-07FFh -ASFR=0F60h-0FFFh \
  -preset_vec=00h,intcode=08h,intcodelo,powerup,init -pramtop=0800h \
  -psmallconst=SMALLCONST -pmediumconst=MEDIUMCONST -pconst=CONST \
  -AFARRAM=00h-00h -ACONFIG=0300000h-030000Dh -pconfig=CONFIG \
  -AIDLOC=0200000h-0200007h -pidloc=IDLOC -AEEDATA=0F00000h-0F000FFh \
  -peeprom_data=EEDATA \
  -prdata=COMRAM,nvrram=COMRAM,nvbit=COMRAM,rbss=COMRAM,rbit=COMRAM \
  -pfarbss=FARRAM,fardata=FARRAM,nvFARRAM=FARRAM \
  -pintsave_regs=BIGRAM,bigbss=BIGRAM,bigdata=BIGRAM -pbss=RAM \
  -pidata=CODE,irdata=CODE,ibigdata=CODE,ifardata=CODE -prparam=COMRAM \
  C:\Users\PHIL~1.BLI\AppData\Local\Temp\s614.obj \
  dist/default/production\preamp.X.production.obj 

Object code version is 3.11

Machine type is 18F4455

Call graph: (short form)




                Name                               Link     Load   Length Selector   Space Scale
C:\Users\PHIL~1.BLI\AppData\Local\Temp\s614.obj
                init                                  E        E        4        4       0
                reset_vec                             0        0        4        0       0
                idloc                            200000   200000        8   200000       0
                config                           300000   300000        E   300000       0
dist/default/production\preamp.X.production.obj
                intcode                               8        8        6        4       0
                temp                                 4D       4D        1        1       1
                smallconst                          800      800       6A      400       0
                intcode_body                       158C     158C       DC      435       0
                text47                             1A84     1A84       66      435       0
                text46                             1F3A     1F3A       24      435       0
                text45                             1EB8     1EB8       2E      435       0
                text44                             1668     1668       BA      435       0
                text43                             2016     2016       12      435       0
                text42                             1CFC     1CFC       4C      435       0
                text41                             2004     2004       12      435       0
                text40                             1BAE     1BAE       5E      435       0
                text39                             1FB8     1FB8       1E      435       0
                text38                             1DD2     1DD2       3E      435       0
                text37                             1884     1884       A6      435       0
                text36                             1D8E     1D8E       44      435       0
                text35                             1E10     1E10       3C      435       0
                text34                             1C5E     1C5E       52      435       0
                text33                             1C0C     1C0C       52      435       0
                text32                             1722     1722       B4      435       0
                text31                             1F9A     1F9A       1E      435       0
                text30                             1E84     1E84       34      435       0
                text29                             12D6     12D6      1BA      435       0
                text28                             1F7C     1F7C       1E      435       0
                text27                             1E4C     1E4C       38      435       0
                text26                             1B4C     1B4C       62      435       0
                text25                             1FD6     1FD6       1C      435       0
                text24                             2078     2078        4      435       0
                text23                             2074     2074        4      435       0
                text22                             2050     2050        C      435       0
                text21                             2044     2044        C      435       0
                text20                             2070     2070        4      435       0
                text19                             206C     206C        4      435       0
                text18                             2068     2068        4      435       0
                text17                             1094     1094      242      435       0
                text16                             1F5E     1F5E       1E      435       0
                text15                             2028     2028       10      435       0
                text14                             1FF2     1FF2       12      435       0
                text13                             1EE6     1EE6       2C      435       0
                text12                             1490     1490       FC      435       0
                text11                             1F12     1F12       28      435       0
                text10                             1A1E     1A1E       66      435       0
                text9                              2064     2064        4      435       0
                text8                              2060     2060        4      435       0
                text7                              205C     205C        4      435       0
                text6                              1AEA     1AEA       62      435       0
                text5                              1CB0     1CB0       4C      435       0
                text4                              17D6     17D6       AE      435       0
                text3                              192A     192A       84      435       0
                text2                              19AE     19AE       70      435       0
                text1                               E3A      E3A      25A      435       0
                text0                               86A      86A      5D0      435       0
                cstackCOMRAM                          1        1       32        1       1
                cstackBANK0                          83       83       15       60       1
                bssBANK0                             60       60       23       60       1
                dataCOMRAM                           41       41        C        1       1
                bssCOMRAM                            33       33        E        1       1
                cinit                              1D48     1D48       46      435       0
                idataCOMRAM                        2038     2038        C      435       0

TOTAL           Name                               Link     Load   Length     Space
        CLASS   STACK          

        CLASS   CODE           
                intcode                               8        8        6         0
                init                                  E        E        4         0
                reset_vec                             0        0        4         0
                intcode_body                       158C     158C       DC         0
                text47                             1A84     1A84       66         0
                text46                             1F3A     1F3A       24         0
                text45                             1EB8     1EB8       2E         0
                text44                             1668     1668       BA         0
                text43                             2016     2016       12         0
                text42                             1CFC     1CFC       4C         0
                text41                             2004     2004       12         0
                text40                             1BAE     1BAE       5E         0
                text39                             1FB8     1FB8       1E         0
                text38                             1DD2     1DD2       3E         0
                text37                             1884     1884       A6         0
                text36                             1D8E     1D8E       44         0
                text35                             1E10     1E10       3C         0
                text34                             1C5E     1C5E       52         0
                text33                             1C0C     1C0C       52         0
                text32                             1722     1722       B4         0
                text31                             1F9A     1F9A       1E         0
                text30                             1E84     1E84       34         0
                text29                             12D6     12D6      1BA         0
                text28                             1F7C     1F7C       1E         0
                text27                             1E4C     1E4C       38         0
                text26                             1B4C     1B4C       62         0
                text25                             1FD6     1FD6       1C         0
                text24                             2078     2078        4         0
                text23                             2074     2074        4         0
                text22                             2050     2050        C         0
                text21                             2044     2044        C         0
                text20                             2070     2070        4         0
                text19                             206C     206C        4         0
                text18                             2068     2068        4         0
                text17                             1094     1094      242         0
                text16                             1F5E     1F5E       1E         0
                text15                             2028     2028       10         0
                text14                             1FF2     1FF2       12         0
                text13                             1EE6     1EE6       2C         0
                text12                             1490     1490       FC         0
                text11                             1F12     1F12       28         0
                text10                             1A1E     1A1E       66         0
                text9                              2064     2064        4         0
                text8                              2060     2060        4         0
                text7                              205C     205C        4         0
                text6                              1AEA     1AEA       62         0
                text5                              1CB0     1CB0       4C         0
                text4                              17D6     17D6       AE         0
                text3                              192A     192A       84         0
                text2                              19AE     19AE       70         0
                text1                               E3A      E3A      25A         0
                text0                               86A      86A      5D0         0
                cinit                              1D48     1D48       46         0
                idataCOMRAM                        2038     2038        C         0

        CLASS   CONST          

        CLASS   SMALLCONST     
                smallconst                          800      800       6A         0

        CLASS   MEDIUMCONST    

        CLASS   COMRAM         
                temp                                 4D       4D        1         1
                cstackCOMRAM                          1        1       32         1
                dataCOMRAM                           41       41        C         1
                bssCOMRAM                            33       33        E         1

        CLASS   ABS1           

        CLASS   BIGRAM         

        CLASS   RAM            

        CLASS   BANK0          
                cstackBANK0                          83       83       15         1
                bssBANK0                             60       60       23         1

        CLASS   BANK1          

        CLASS   BANK2          

        CLASS   BANK3          

        CLASS   BANK4          

        CLASS   BANK5          

        CLASS   BANK6          

        CLASS   BANK7          

        CLASS   SFR            

        CLASS   FARRAM         

        CLASS   CONFIG         
                config                           300000   300000        E         0

        CLASS   IDLOC          
                idloc                            200000   200000        8         0

        CLASS   EEDATA         



SEGMENTS        Name                           Load    Length   Top    Selector   Space  Class

                reset_vec                      000000  000004  000004         0       0  CODE    
                cstackCOMRAM                   000001  00004D  00004E         1       1  COMRAM  
                intcode                        000008  00000A  000012         4       0  CODE    
                bssBANK0                       000060  000038  000098        60       1  BANK0   
                smallconst                     000800  00006A  00086A       400       0  SMALLCON
                text0                          00086A  001812  00207C       435       0  CODE    
                idloc                          200000  000008  200008    200000       0  IDLOC   
                config                         300000  00000E  30000E    300000       0  CONFIG  


UNUSED ADDRESS RANGES

        Name                Unused          Largest block    Delta
        BANK0            000098-0000FF               68
        BANK1            000100-0001FF              100
        BANK2            000200-0002FF              100
        BANK3            000300-0003FF              100
        BANK4            000400-0004FF              100
        BANK5            000500-0005FF              100
        BANK6            000600-0006FF              100
        BANK7            000700-0007FF              100
        BIGRAM           00004E-00005F               12
                         000098-0007FF              768
        CODE             000004-000007                4
                         000012-0007FF              7EE
                         00207C-005FFF             3F84
        COMRAM           00004E-00005F               12
        CONST            000004-000007                4
                         000012-0007FF              7EE
                         00207C-005FFF             3F84
        EEDATA           F00000-F000FF              100
        MEDIUMCONST      00207C-005FFF             3F84
        RAM              000098-0007FF              100
        SFR              000F60-000FFF               A0
        SMALLCONST       00207C-005FFF              100
        STACK            000098-0007FF              768

                                  Symbol Table

?___awdiv                            cstackCOMRAM 000013
?___awmod                            cstackCOMRAM 00001B
?_strlen                             cstackCOMRAM 000013
LCD_4bitCode@code                    cstackCOMRAM 000018
LCD_4bitCodeNoWait@code              cstackCOMRAM 000013
LCD_8bitCode@code                    cstackCOMRAM 000018
LCD_8bitCodeNoWait@code              cstackCOMRAM 000013
LCD_code@code                        cstackCOMRAM 00001A
LCD_delay@i                          cstackCOMRAM 000016
LCD_delay@time                       cstackCOMRAM 000013
LCD_delay_ms@i                       cstackCOMRAM 000016
LCD_delay_ms@ms                      cstackCOMRAM 000013
LCD_delay_us@i                       cstackCOMRAM 000016
LCD_delay_us@us                      cstackCOMRAM 000013
LCD_displayChar@inputChar            cstackCOMRAM 00002B
LCD_displayString@i                  cstackBANK0  000087
LCD_displayString@initialX           cstackBANK0  000083
LCD_displayString@initialY           cstackBANK0  000085
LCD_displayString@str                cstackCOMRAM 00002C
LCD_init@LCD_dl                      cstackCOMRAM 00002D
LCD_init@LCD_f                       cstackCOMRAM 000031
LCD_init@LCD_n                       cstackCOMRAM 00002F
LCD_moveLeft@howMuch                 cstackCOMRAM 000027
LCD_moveRight@howMuch                cstackCOMRAM 000027
LCD_setCursor@pos                    cstackCOMRAM 000021
LCD_setCursor@row                    cstackCOMRAM 000023
LCD_slider@i                         cstackCOMRAM 00002D
LCD_slider@pos                       cstackCOMRAM 00002C
Wait@delay                           cstackCOMRAM 000013
_ADCON0                              (abs)        000FC2
_ADCON0bits                          (abs)        000FC2
_ADCON1                              (abs)        000FC1
_ADCON2                              (abs)        000FC0
_ADRESH                              (abs)        000FC4
_ADRESL                              (abs)        000FC3
_CCP1CON                             (abs)        000FBD
_CCP2CON                             (abs)        000FBA
_CMCON                               (abs)        000FB4
_INTCON2bits                         (abs)        000FF1
_INTCONbits                          (abs)        000FF2
_LATAbits                            (abs)        000F89
_LATB                                (abs)        000F8A
_LATBbits                            (abs)        000F8A
_LATC                                (abs)        000F8B
_LATCbits                            (abs)        000F8B
_LATEbits                            (abs)        000F8D
_LCD_4bitCode                        text43       002016
_LCD_4bitCodeNoWait                  text47       001A84
_LCD_8bitCode                        text41       002004
_LCD_8bitCodeNoWait                  text42       001CFC
_LCD_clear                           text39       001FB8
_LCD_code                            text40       001BAE
_LCD_cursorOff                       text38       001DD2
_LCD_delay                           text46       001F3A
_LCD_delay_ms                        text30       001E84
_LCD_delay_us                        text45       001EB8
_LCD_displayChar                     text34       001C5E
_LCD_displayString                   text32       001722
_LCD_home                            text31       001F9A
_LCD_init                            text29       0012D6
_LCD_isCursorBlinking                bssCOMRAM    000035
_LCD_isCursorMoving                  bssCOMRAM    000033
_LCD_isCursorOn                      dataCOMRAM   000041
_LCD_isDisplayOn                     dataCOMRAM   000043
_LCD_isIncrement                     dataCOMRAM   000045
_LCD_isShift                         bssBANK0     00007E
_LCD_moveLeft                        text36       001D8E
_LCD_moveRight                       text35       001E10
_LCD_off                             text28       001F7C
_LCD_on                              text27       001E4C
_LCD_posX                            dataCOMRAM   000049
_LCD_posY                            dataCOMRAM   000047
_LCD_setCursor                       text37       001884
_LCD_slider                          text26       001B4C
_LCD_wait                            text44       001668
_PORTB                               (abs)        000F81
_PORTBbits                           (abs)        000F81
_PORTC                               (abs)        000F82
_PORTD                               (abs)        000F83
_PORTDbits                           (abs)        000F83
_PORTEbits                           (abs)        000F84
_T0CONbits                           (abs)        000FD5
_T1CONbits                           (abs)        000FCD
_T3CONbits                           (abs)        000FB1
_TRISAbits                           (abs)        000F92
_TRISB                               (abs)        000F93
_TRISBbits                           (abs)        000F93
_TRISC                               (abs)        000F94
_TRISD                               (abs)        000F95
_TRISDbits                           (abs)        000F95
_TRISE                               (abs)        000F96
_UCFGbits                            (abs)        000F6F
_UCONbits                            (abs)        000F6D
_Wait                                text25       001FD6
__CFG_BOR$OFF                        (abs)        000000
__CFG_BORV$0                         (abs)        000000
__CFG_CCP2MX$OFF                     (abs)        000000
__CFG_CP0$OFF                        (abs)        000000
__CFG_CP1$OFF                        (abs)        000000
__CFG_CP2$OFF                        (abs)        000000
__CFG_CPB$OFF                        (abs)        000000
__CFG_CPD$OFF                        (abs)        000000
__CFG_DEBUG$OFF                      (abs)        000000
__CFG_FCMEN$OFF                      (abs)        000000
__CFG_FOSC$HS                        (abs)        000000
__CFG_LPT1OSC$OFF                    (abs)        000000
__CFG_LVP$OFF                        (abs)        000000
__CFG_MCLRE$ON                       (abs)        000000
__CFG_PBADEN$OFF                     (abs)        000000
__CFG_WDT$OFF                        (abs)        000000
__CFG_WRT0$OFF                       (abs)        000000
__CFG_WRT1$OFF                       (abs)        000000
__CFG_WRT2$OFF                       (abs)        000000
__HRAM                               (abs)        000000
__Habs1                              abs1         000000
__Hbank0                             bank0        000000
__Hbank1                             bank1        000000
__Hbank2                             bank2        000000
__Hbank3                             bank3        000000
__Hbank4                             bank4        000000
__Hbank5                             bank5        000000
__Hbank6                             bank6        000000
__Hbank7                             bank7        000000
__Hbigbss                            bigbss       000000
__Hbigdata                           bigdata      000000
__Hbigram                            bigram       000000
__Hbss                               bss          000000
__HbssBANK0                          bssBANK0     000000
__HbssCOMRAM                         bssCOMRAM    000000
__Hcinit                             cinit        000000
__Hclrtext                           clrtext      000000
__Hcomram                            comram       000000
__Hconfig                            config       30000E
__Hconst                             const        000000
__HcstackBANK0                       cstackBANK0  000000
__HcstackCOMRAM                      cstackCOMRAM 000000
__Hdata                              data         000000
__HdataCOMRAM                        dataCOMRAM   000000
__Heeprom_data                       eeprom_data  000000
__Hfarbss                            farbss       000000
__Hfardata                           fardata      000000
__Hibigdata                          ibigdata     000000
__Hidata                             idata        000000
__HidataCOMRAM                       idataCOMRAM  000000
__Hidloc                             idloc        200008
__Hifardata                          ifardata     000000
__Hinit                              init         000012
__Hintcode                           intcode      00000E
__Hintcode_body                      intcode_body 000000
__Hintcodelo                         intcodelo    00000E
__Hintentry                          intentry     000000
__Hintret                            intret       000000
__Hintsave_regs                      intsave_regs 000000
__Hirdata                            irdata       000000
__Hmediumconst                       mediumconst  000000
__HnvFARRAM                          nvFARRAM     000000
__Hnvbit                             nvbit        000000
__Hnvrram                            nvrram       000000
__Hparam                             rparam       000000
__Hpowerup                           powerup      00000E
__Hram                               ram          000000
__Hramtop                            ramtop       000800
__Hrbit                              rbit         000000
__Hrbss                              rbss         000000
__Hrdata                             rdata        000000
__Hreset_vec                         reset_vec    000004
__Hrparam                            rparam       000000
__Hsfr                               sfr          000000
__Hsmallconst                        smallconst   00086A
__Hspace_0                           (abs)        30000E
__Hspace_1                           (abs)        000098
__Hspace_2                           (abs)        000000
__Hstack                             stack        000000
__Hstruct                            struct       000000
__Htemp                              temp         00004E
__Htext                              text         000000
__Htext0                             text0        000000
__Htext1                             text1        000000
__Htext10                            text10       000000
__Htext11                            text11       000000
__Htext12                            text12       000000
__Htext13                            text13       000000
__Htext14                            text14       000000
__Htext15                            text15       000000
__Htext16                            text16       000000
__Htext17                            text17       000000
__Htext18                            text18       000000
__Htext19                            text19       000000
__Htext2                             text2        000000
__Htext20                            text20       000000
__Htext21                            text21       000000
__Htext22                            text22       000000
__Htext23                            text23       000000
__Htext24                            text24       000000
__Htext25                            text25       000000
__Htext26                            text26       000000
__Htext27                            text27       000000
__Htext28                            text28       000000
__Htext29                            text29       000000
__Htext3                             text3        000000
__Htext30                            text30       000000
__Htext31                            text31       000000
__Htext32                            text32       000000
__Htext33                            text33       000000
__Htext34                            text34       000000
__Htext35                            text35       000000
__Htext36                            text36       000000
__Htext37                            text37       000000
__Htext38                            text38       000000
__Htext39                            text39       000000
__Htext4                             text4        000000
__Htext40                            text40       000000
__Htext41                            text41       000000
__Htext42                            text42       000000
__Htext43                            text43       000000
__Htext44                            text44       000000
__Htext45                            text45       000000
__Htext46                            text46       000000
__Htext47                            text47       000000
__Htext5                             text5        000000
__Htext6                             text6        000000
__Htext7                             text7        000000
__Htext8                             text8        000000
__Htext9                             text9        000000
__LRAM                               (abs)        000001
__Labs1                              abs1         000000
__Lbank0                             bank0        000000
__Lbank1                             bank1        000000
__Lbank2                             bank2        000000
__Lbank3                             bank3        000000
__Lbank4                             bank4        000000
__Lbank5                             bank5        000000
__Lbank6                             bank6        000000
__Lbank7                             bank7        000000
__Lbigbss                            bigbss       000000
__Lbigdata                           bigdata      000000
__Lbigram                            bigram       000000
__Lbss                               bss          000000
__LbssBANK0                          bssBANK0     000000
__LbssCOMRAM                         bssCOMRAM    000000
__Lcinit                             cinit        000000
__Lclrtext                           clrtext      000000
__Lcomram                            comram       000000
__Lconfig                            config       300000
__Lconst                             const        000000
__LcstackBANK0                       cstackBANK0  000000
__LcstackCOMRAM                      cstackCOMRAM 000000
__Ldata                              data         000000
__LdataCOMRAM                        dataCOMRAM   000000
__Leeprom_data                       eeprom_data  000000
__Lfarbss                            farbss       000000
__Lfardata                           fardata      000000
__Libigdata                          ibigdata     000000
__Lidata                             idata        000000
__LidataCOMRAM                       idataCOMRAM  000000
__Lidloc                             idloc        200000
__Lifardata                          ifardata     000000
__Linit                              init         00000E
__Lintcode                           intcode      000008
__Lintcode_body                      intcode_body 000000
__Lintcodelo                         intcodelo    00000E
__Lintentry                          intentry     000000
__Lintret                            intret       000000
__Lintsave_regs                      intsave_regs 000000
__Lirdata                            irdata       000000
__Lmediumconst                       mediumconst  000000
__LnvFARRAM                          nvFARRAM     000000
__Lnvbit                             nvbit        000000
__Lnvrram                            nvrram       000000
__Lparam                             rparam       000000
__Lpowerup                           powerup      00000E
__Lram                               ram          000000
__Lramtop                            ramtop       000800
__Lrbit                              rbit         000000
__Lrbss                              rbss         000000
__Lrdata                             rdata        000000
__Lreset_vec                         reset_vec    000000
__Lrparam                            rparam       000000
__Lsfr                               sfr          000000
__Lsmallconst                        smallconst   000800
__Lspace_0                           (abs)        000000
__Lspace_1                           (abs)        000000
__Lspace_2                           (abs)        000000
__Lstack                             stack        000000
__Lstruct                            struct       000000
__Ltemp                              temp         00004D
__Ltext                              text         000000
__Ltext0                             text0        000000
__Ltext1                             text1        000000
__Ltext10                            text10       000000
__Ltext11                            text11       000000
__Ltext12                            text12       000000
__Ltext13                            text13       000000
__Ltext14                            text14       000000
__Ltext15                            text15       000000
__Ltext16                            text16       000000
__Ltext17                            text17       000000
__Ltext18                            text18       000000
__Ltext19                            text19       000000
__Ltext2                             text2        000000
__Ltext20                            text20       000000
__Ltext21                            text21       000000
__Ltext22                            text22       000000
__Ltext23                            text23       000000
__Ltext24                            text24       000000
__Ltext25                            text25       000000
__Ltext26                            text26       000000
__Ltext27                            text27       000000
__Ltext28                            text28       000000
__Ltext29                            text29       000000
__Ltext3                             text3        000000
__Ltext30                            text30       000000
__Ltext31                            text31       000000
__Ltext32                            text32       000000
__Ltext33                            text33       000000
__Ltext34                            text34       000000
__Ltext35                            text35       000000
__Ltext36                            text36       000000
__Ltext37                            text37       000000
__Ltext38                            text38       000000
__Ltext39                            text39       000000
__Ltext4                             text4        000000
__Ltext40                            text40       000000
__Ltext41                            text41       000000
__Ltext42                            text42       000000
__Ltext43                            text43       000000
__Ltext44                            text44       000000
__Ltext45                            text45       000000
__Ltext46                            text46       000000
__Ltext47                            text47       000000
__Ltext5                             text5        000000
__Ltext6                             text6        000000
__Ltext7                             text7        000000
__Ltext8                             text8        000000
__Ltext9                             text9        000000
__S0                                 (abs)        30000E
__S1                                 (abs)        000098
__S2                                 (abs)        000000
___awdiv                             text3        00192A
___awdiv@counter                     cstackCOMRAM 000017
___awdiv@dividend                    cstackCOMRAM 000013
___awdiv@divisor                     cstackCOMRAM 000015
___awdiv@quotient                    cstackCOMRAM 000019
___awdiv@sign                        cstackCOMRAM 000018
___awmod                             text2        0019AE
___awmod@counter                     cstackCOMRAM 00001F
___awmod@dividend                    cstackCOMRAM 00001B
___awmod@divisor                     cstackCOMRAM 00001D
___awmod@sign                        cstackCOMRAM 000020
___inthi_sp                          stack        000000
___intlo_sp                          stack        000000
___param_bank                        (abs)        000000
___rparam_used                       (abs)        000001
___sp                                stack        000000
__accesstop                          (abs)        000060
__activetblptr                       (abs)        000002
__end_of_LCD_4bitCode                text43       002028
__end_of_LCD_4bitCodeNoWait          text47       001AEA
__end_of_LCD_8bitCode                text41       002016
__end_of_LCD_8bitCodeNoWait          text42       001D48
__end_of_LCD_clear                   text39       001FD6
__end_of_LCD_code                    text40       001C0C
__end_of_LCD_cursorOff               text38       001E10
__end_of_LCD_delay                   text46       001F5E
__end_of_LCD_delay_ms                text30       001EB8
__end_of_LCD_delay_us                text45       001EE6
__end_of_LCD_displayChar             text34       001CB0
__end_of_LCD_displayString           text32       0017D6
__end_of_LCD_home                    text31       001FB8
__end_of_LCD_init                    text29       001490
__end_of_LCD_moveLeft                text36       001DD2
__end_of_LCD_moveRight               text35       001E4C
__end_of_LCD_off                     text28       001F9A
__end_of_LCD_on                      text27       001E84
__end_of_LCD_setCursor               text37       00192A
__end_of_LCD_slider                  text26       001BAE
__end_of_LCD_wait                    text44       001722
__end_of_Wait                        text25       001FF2
__end_of___awdiv                     text3        0019AE
__end_of___awmod                     text2        001A1E
__end_of__initialization             cinit        001D80
__end_of_backlight_off               text24       00207C
__end_of_backlight_on                text23       002078
__end_of_clear_all_sources           text22       00205C
__end_of_clear_all_switch_leds       text21       002050
__end_of_clear_mute_led              text8        002064
__end_of_clear_standby_led           text20       002074
__end_of_clear_store_led             text19       002070
__end_of_clear_view_led              text18       00206C
__end_of_init_lcd_chars              text17       0012D6
__end_of_init_shiftreg               text16       001F7C
__end_of_init_switches               text15       002038
__end_of_init_timer                  text14       002004
__end_of_init_volume                 text13       001F12
__end_of_isr                         intcode_body 001668
__end_of_main                        text0        000E3A
__end_of_read_switches               text12       00158C
__end_of_read_switches_synchronous   text11       001F3A
__end_of_set_led_and_source          text10       001A84
__end_of_set_mute_led                text7        002060
__end_of_set_standby_led             text9        002068
__end_of_set_volume                  text6        001B4C
__end_of_strlen                      text33       001C5E
__end_of_toggle_mute                 text5        001CFC
__end_of_update_switches_and_relays  text4        001884
__end_of_volumeDB                    text1        001094
__initialization                     cinit        001D48
__mediumconst                        mediumconst  000000
__pbssBANK0                          bssBANK0     000060
__pbssCOMRAM                         bssCOMRAM    000033
__pcinit                             cinit        001D48
__pcstackBANK0                       cstackBANK0  000083
__pcstackCOMRAM                      cstackCOMRAM 000001
__pdataCOMRAM                        dataCOMRAM   000041
__pidataCOMRAM                       idataCOMRAM  002038
__pintcode                           intcode      000008
__pintcode_body                      intcode_body 00158C
__psmallconst                        smallconst   000800
__ptext0                             text0        00086A
__ptext1                             text1        000E3A
__ptext10                            text10       001A1E
__ptext11                            text11       001F12
__ptext12                            text12       001490
__ptext13                            text13       001EE6
__ptext14                            text14       001FF2
__ptext15                            text15       002028
__ptext16                            text16       001F5E
__ptext17                            text17       001094
__ptext18                            text18       002068
__ptext19                            text19       00206C
__ptext2                             text2        0019AE
__ptext20                            text20       002070
__ptext21                            text21       002044
__ptext22                            text22       002050
__ptext23                            text23       002074
__ptext24                            text24       002078
__ptext25                            text25       001FD6
__ptext26                            text26       001B4C
__ptext27                            text27       001E4C
__ptext28                            text28       001F7C
__ptext29                            text29       0012D6
__ptext3                             text3        00192A
__ptext30                            text30       001E84
__ptext31                            text31       001F9A
__ptext32                            text32       001722
__ptext33                            text33       001C0C
__ptext34                            text34       001C5E
__ptext35                            text35       001E10
__ptext36                            text36       001D8E
__ptext37                            text37       001884
__ptext38                            text38       001DD2
__ptext39                            text39       001FB8
__ptext4                             text4        0017D6
__ptext40                            text40       001BAE
__ptext41                            text41       002004
__ptext42                            text42       001CFC
__ptext43                            text43       002016
__ptext44                            text44       001668
__ptext45                            text45       001EB8
__ptext46                            text46       001F3A
__ptext47                            text47       001A84
__ptext5                             text5        001CB0
__ptext6                             text6        001AEA
__ptext7                             text7        00205C
__ptext8                             text8        002060
__ptext9                             text9        002064
__ramtop                             ramtop       000800
__size_of_LCD_4bitCode               (abs)        000000
__size_of_LCD_4bitCodeNoWait         (abs)        000000
__size_of_LCD_8bitCode               (abs)        000000
__size_of_LCD_8bitCodeNoWait         (abs)        000000
__size_of_LCD_clear                  (abs)        000000
__size_of_LCD_code                   (abs)        000000
__size_of_LCD_cursorOff              (abs)        000000
__size_of_LCD_delay                  (abs)        000000
__size_of_LCD_delay_ms               (abs)        000000
__size_of_LCD_delay_us               (abs)        000000
__size_of_LCD_displayChar            (abs)        000000
__size_of_LCD_displayString          (abs)        000000
__size_of_LCD_home                   (abs)        000000
__size_of_LCD_init                   (abs)        000000
__size_of_LCD_moveLeft               (abs)        000000
__size_of_LCD_moveRight              (abs)        000000
__size_of_LCD_off                    (abs)        000000
__size_of_LCD_on                     (abs)        000000
__size_of_LCD_setCursor              (abs)        000000
__size_of_LCD_slider                 (abs)        000000
__size_of_LCD_wait                   (abs)        000000
__size_of_Wait                       (abs)        000000
__size_of___awdiv                    (abs)        000000
__size_of___awmod                    (abs)        000000
__size_of_backlight_off              (abs)        000000
__size_of_backlight_on               (abs)        000000
__size_of_clear_all_sources          (abs)        000000
__size_of_clear_all_switch_leds      (abs)        000000
__size_of_clear_mute_led             (abs)        000000
__size_of_clear_standby_led          (abs)        000000
__size_of_clear_store_led            (abs)        000000
__size_of_clear_view_led             (abs)        000000
__size_of_init_lcd_chars             (abs)        000000
__size_of_init_shiftreg              (abs)        000000
__size_of_init_switches              (abs)        000000
__size_of_init_timer                 (abs)        000000
__size_of_init_volume                (abs)        000000
__size_of_isr                        (abs)        000000
__size_of_main                       (abs)        000000
__size_of_read_switches              (abs)        000000
__size_of_read_switches_synchronous  (abs)        000000
__size_of_set_led_and_source         (abs)        000000
__size_of_set_mute_led               (abs)        000000
__size_of_set_standby_led            (abs)        000000
__size_of_set_volume                 (abs)        000000
__size_of_strlen                     (abs)        000000
__size_of_toggle_mute                (abs)        000000
__size_of_update_switches_and_relays (abs)        000000
__size_of_volumeDB                   (abs)        000000
__smallconst                         smallconst   000800
_backlight_off                       text24       002078
_backlight_on                        text23       002074
_bal                                 bssBANK0     000082
_clear_all_sources                   text22       002050
_clear_all_switch_leds               text21       002044
_clear_mute_led                      text8        002060
_clear_standby_led                   text20       002070
_clear_store_led                     text19       00206C
_clear_view_led                      text18       002068
_configuration                       bssBANK0     000060
_current_state                       bssCOMRAM    000038
_debug_mode                          bssCOMRAM    000039
_encoder_a                           bssCOMRAM    00003E
_encoder_a_prev                      bssCOMRAM    00003C
_encoder_b                           bssCOMRAM    00003D
_encoder_changed                     bssCOMRAM    00003B
_encoder_dir                         bssCOMRAM    00003A
_front                               dataCOMRAM   00004B
_init_lcd_chars                      text17       001094
_init_shiftreg                       text16       001F5E
_init_switches                       text15       002028
_init_timer                          text14       001FF2
_init_volume                         text13       001EE6
_is_muted                            bssBANK0     000080
_isr                                 intcode      000008
_led                                 bssBANK0     00007A
_main                                text0        00086A
_muted_volume_left                   bssCOMRAM    000037
_muted_volume_right                  bssBANK0     000081
_queue                               bssBANK0     000070
_read_switches                       text12       001490
_read_switches_synchronous           text11       001F12
_rear                                dataCOMRAM   00004C
_relay_source                        bssBANK0     00007C
_set_led_and_source                  text10       001A1E
_set_mute_led                        text7        00205C
_set_standby_led                     text9        002064
_set_volume                          text6        001AEA
_strlen                              text33       001C0C
_toggle_mute                         text5        001CB0
_update_switches_and_relays          text4        0017D6
_volumeDB                            text1        000E3A
_volume_left                         bssCOMRAM    000040
_volume_right                        bssCOMRAM    00003F
btemp                                temp         00004D
end_of_initialization                cinit        001D80
int$flags                            temp         00004D
int_func                             intcode_body 00158C
intlevel0                            text         000000
intlevel1                            text         000000
intlevel2                            text         000000
intlevel3                            text         000000
main@switch_pressed                  cstackBANK0  000097
main@volstring                       cstackBANK0  00008F
read_switches@a2dval                 cstackCOMRAM 000015
read_switches_synchronous@s          cstackCOMRAM 000017
set_led_and_source@s                 cstackCOMRAM 000016
set_volume@i                         cstackCOMRAM 000015
set_volume@i_650                     cstackCOMRAM 000016
set_volume@vbitsel                   cstackCOMRAM 000017
set_volume@vol_left                  cstackCOMRAM 000014
set_volume@vol_right                 cstackCOMRAM 000013
stackhi                              (abs)        0007FF
stacklo                              (abs)        000098
start                                init         00000E
start_initialization                 cinit        001D48
strlen@cp                            cstackCOMRAM 000017
strlen@s                             cstackCOMRAM 000013
update_switches_and_relays@i         cstackCOMRAM 000017
update_switches_and_relays@i_1104    cstackCOMRAM 000018
volumeDB@gain                        cstackCOMRAM 000029
volumeDB@gainDec                     cstackCOMRAM 000027
volumeDB@modulus                     cstackCOMRAM 000025
volumeDB@o                           cstackCOMRAM 000021
volumeDB@volume                      cstackCOMRAM 00002B
wtemp6                               temp         00004E


FUNCTION INFORMATION:

 *************** function _main *****************
 Defined at:
		line 261 in file "newmain.c"
 Parameters:    Size  Location     Type
  argc            2    6[BANK0 ] int 
  argv            3    8[BANK0 ] PTR PTR unsigned char 
 Auto vars:     Size  Location     Type
  volstring       8   12[BANK0 ] unsigned char [8]
  switch_press    1   20[BANK0 ] unsigned char 
 Return value:  Size  Location     Type
                  2    6[BANK0 ] int 
 Registers used:
		wreg, fsr0l, fsr0h, fsr2l, fsr2h, status,2, status,0, tblptrl, tblptrh, tblptru, prodl, prodh, cstack
 Tracked objects:
		On entry : 
		On exit  : 
		Unchanged: 
 Data sizes:     COMRAM   BANK0   BANK1   BANK2   BANK3   BANK4   BANK5   BANK6   BANK7
      Params:         0       5       0       0       0       0       0       0       0
      Locals:         0       9       0       0       0       0       0       0       0
      Temps:          0       1       0       0       0       0       0       0       0
      Totals:         0      15       0       0       0       0       0       0       0
Total ram usage:       15 bytes
 Hardware stack levels required when called:    9
 This function calls:
		_LCD_clear
		_LCD_cursorOff
		_LCD_displayString
		_LCD_home
		_LCD_init
		_LCD_off
		_LCD_on
		_LCD_setCursor
		_LCD_slider
		_Wait
		_backlight_off
		_backlight_on
		_clear_all_sources
		_clear_all_switch_leds
		_clear_mute_led
		_clear_standby_led
		_clear_store_led
		_clear_view_led
		_init_lcd_chars
		_init_shiftreg
		_init_switches
		_init_timer
		_init_volume
		_read_switches
		_read_switches_synchronous
		_set_led_and_source
		_set_standby_led
		_set_volume
		_toggle_mute
		_update_switches_and_relays
		_volumeDB
 This function is called by:
		Startup code after reset
 This function uses a non-reentrant model


 *************** function _volumeDB *****************
 Defined at:
		line 159 in file "volume.c"
 Parameters:    Size  Location     Type
  volume          1    wreg     unsigned char 
  o               2   32[COMRAM] PTR unsigned char 
		 -> main@volstring(8), 
 Auto vars:     Size  Location     Type
  volume          1   42[COMRAM] unsigned char 
  gain            2   40[COMRAM] int 
  gainDec         2   38[COMRAM] int 
  modulus         2   36[COMRAM] int 
 Return value:  Size  Location     Type
                  1    wreg      void 
 Registers used:
		wreg, fsr2l, fsr2h, status,2, status,0, cstack
 Tracked objects:
		On entry : 
		On exit  : 
		Unchanged: 
 Data sizes:     COMRAM   BANK0   BANK1   BANK2   BANK3   BANK4   BANK5   BANK6   BANK7
      Params:         2       0       0       0       0       0       0       0       0
      Locals:         7       0       0       0       0       0       0       0       0
      Temps:          2       0       0       0       0       0       0       0       0
      Totals:        11       0       0       0       0       0       0       0       0
Total ram usage:       11 bytes
 Hardware stack levels used:    1
 Hardware stack levels required when called:    2
 This function calls:
		___awdiv
		___awmod
 This function is called by:
		_main
 This function uses a non-reentrant model


 *************** function ___awmod *****************
 Defined at:
		line 8 in file "C:\Program Files (x86)\Microchip\xc8\v1.45\sources\common\awmod.c"
 Parameters:    Size  Location     Type
  dividend        2   26[COMRAM] int 
  divisor         2   28[COMRAM] int 
 Auto vars:     Size  Location     Type
  sign            1   31[COMRAM] unsigned char 
  counter         1   30[COMRAM] unsigned char 
 Return value:  Size  Location     Type
                  2   26[COMRAM] int 
 Registers used:
		wreg, status,2, status,0
 Tracked objects:
		On entry : 
		On exit  : 
		Unchanged: 
 Data sizes:     COMRAM   BANK0   BANK1   BANK2   BANK3   BANK4   BANK5   BANK6   BANK7
      Params:         4       0       0       0       0       0       0       0       0
      Locals:         2       0       0       0       0       0       0       0       0
      Temps:          0       0       0       0       0       0       0       0       0
      Totals:         6       0       0       0       0       0       0       0       0
Total ram usage:        6 bytes
 Hardware stack levels used:    1
 Hardware stack levels required when called:    1
 This function calls:
		Nothing
 This function is called by:
		_volumeDB
 This function uses a non-reentrant model


 *************** function ___awdiv *****************
 Defined at:
		line 8 in file "C:\Program Files (x86)\Microchip\xc8\v1.45\sources\common\awdiv.c"
 Parameters:    Size  Location     Type
  dividend        2   18[COMRAM] int 
  divisor         2   20[COMRAM] int 
 Auto vars:     Size  Location     Type
  quotient        2   24[COMRAM] int 
  sign            1   23[COMRAM] unsigned char 
  counter         1   22[COMRAM] unsigned char 
 Return value:  Size  Location     Type
                  2   18[COMRAM] int 
 Registers used:
		wreg, status,2, status,0
 Tracked objects:
		On entry : 
		On exit  : 
		Unchanged: 
 Data sizes:     COMRAM   BANK0   BANK1   BANK2   BANK3   BANK4   BANK5   BANK6   BANK7
      Params:         4       0       0       0       0       0       0       0       0
      Locals:         4       0       0       0       0       0       0       0       0
      Temps:          0       0       0       0       0       0       0       0       0
      Totals:         8       0       0       0       0       0       0       0       0
Total ram usage:        8 bytes
 Hardware stack levels used:    1
 Hardware stack levels required when called:    1
 This function calls:
		Nothing
 This function is called by:
		_volumeDB
 This function uses a non-reentrant model


 *************** function _update_switches_and_relays *****************
 Defined at:
		line 211 in file "switches.c"
 Parameters:    Size  Location     Type
		None
 Auto vars:     Size  Location     Type
  i               1   23[COMRAM] unsigned char 
  i               1   22[COMRAM] unsigned char 
 Return value:  Size  Location     Type
                  1    wreg      void 
 Registers used:
		wreg, status,2, status,0
 Tracked objects:
		On entry : 
		On exit  : 
		Unchanged: 
 Data sizes:     COMRAM   BANK0   BANK1   BANK2   BANK3   BANK4   BANK5   BANK6   BANK7
      Params:         0       0       0       0       0       0       0       0       0
      Locals:         2       0       0       0       0       0       0       0       0
      Temps:          4       0       0       0       0       0       0       0       0
      Totals:         6       0       0       0       0       0       0       0       0
Total ram usage:        6 bytes
 Hardware stack levels used:    1
 Hardware stack levels required when called:    1
 This function calls:
		Nothing
 This function is called by:
		_main
		_startup_sequence
 This function uses a non-reentrant model


 *************** function _toggle_mute *****************
 Defined at:
		line 107 in file "volume.c"
 Parameters:    Size  Location     Type
		None
 Auto vars:     Size  Location     Type
		None
 Return value:  Size  Location     Type
                  1    wreg      void 
 Registers used:
		wreg, status,2, status,0, cstack
 Tracked objects:
		On entry : 
		On exit  : 
		Unchanged: 
 Data sizes:     COMRAM   BANK0   BANK1   BANK2   BANK3   BANK4   BANK5   BANK6   BANK7
      Params:         0       0       0       0       0       0       0       0       0
      Locals:         0       0       0       0       0       0       0       0       0
      Temps:          0       0       0       0       0       0       0       0       0
      Totals:         0       0       0       0       0       0       0       0       0
Total ram usage:        0 bytes
 Hardware stack levels used:    1
 Hardware stack levels required when called:    2
 This function calls:
		_clear_mute_led
		_set_mute_led
		_set_volume
 This function is called by:
		_main
 This function uses a non-reentrant model


 *************** function _set_volume *****************
 Defined at:
		line 60 in file "volume.c"
 Parameters:    Size  Location     Type
  vol_left        1    wreg     unsigned char 
  vol_right       1   18[COMRAM] unsigned char 
 Auto vars:     Size  Location     Type
  vol_left        1   19[COMRAM] unsigned char 
  i               1   21[COMRAM] unsigned char 
  i               1   20[COMRAM] unsigned char 
  vbitsel         1   22[COMRAM] unsigned char 
 Return value:  Size  Location     Type
                  1    wreg      void 
 Registers used:
		wreg, status,2, status,0
 Tracked objects:
		On entry : 
		On exit  : 
		Unchanged: 
 Data sizes:     COMRAM   BANK0   BANK1   BANK2   BANK3   BANK4   BANK5   BANK6   BANK7
      Params:         1       0       0       0       0       0       0       0       0
      Locals:         4       0       0       0       0       0       0       0       0
      Temps:          0       0       0       0       0       0       0       0       0
      Totals:         5       0       0       0       0       0       0       0       0
Total ram usage:        5 bytes
 Hardware stack levels used:    1
 Hardware stack levels required when called:    1
 This function calls:
		Nothing
 This function is called by:
		_main
		_toggle_mute
 This function uses a non-reentrant model


 *************** function _set_mute_led *****************
 Defined at:
		line 70 in file "switches.c"
 Parameters:    Size  Location     Type
		None
 Auto vars:     Size  Location     Type
		None
 Return value:  Size  Location     Type
                  1    wreg      void 
 Registers used:
		None
 Tracked objects:
		On entry : 
		On exit  : 
		Unchanged: 
 Data sizes:     COMRAM   BANK0   BANK1   BANK2   BANK3   BANK4   BANK5   BANK6   BANK7
      Params:         0       0       0       0       0       0       0       0       0
      Locals:         0       0       0       0       0       0       0       0       0
      Temps:          0       0       0       0       0       0       0       0       0
      Totals:         0       0       0       0       0       0       0       0       0
Total ram usage:        0 bytes
 Hardware stack levels used:    1
 Hardware stack levels required when called:    1
 This function calls:
		Nothing
 This function is called by:
		_toggle_mute
		_startup_sequence
 This function uses a non-reentrant model


 *************** function _clear_mute_led *****************
 Defined at:
		line 74 in file "switches.c"
 Parameters:    Size  Location     Type
		None
 Auto vars:     Size  Location     Type
		None
 Return value:  Size  Location     Type
                  1    wreg      void 
 Registers used:
		None
 Tracked objects:
		On entry : 
		On exit  : 
		Unchanged: 
 Data sizes:     COMRAM   BANK0   BANK1   BANK2   BANK3   BANK4   BANK5   BANK6   BANK7
      Params:         0       0       0       0       0       0       0       0       0
      Locals:         0       0       0       0       0       0       0       0       0
      Temps:          0       0       0       0       0       0       0       0       0
      Totals:         0       0       0       0       0       0       0       0       0
Total ram usage:        0 bytes
 Hardware stack levels used:    1
 Hardware stack levels required when called:    1
 This function calls:
		Nothing
 This function is called by:
		_main
		_toggle_mute
		_startup_sequence
 This function uses a non-reentrant model


 *************** function _set_standby_led *****************
 Defined at:
		line 62 in file "switches.c"
 Parameters:    Size  Location     Type
		None
 Auto vars:     Size  Location     Type
		None
 Return value:  Size  Location     Type
                  1    wreg      void 
 Registers used:
		None
 Tracked objects:
		On entry : 
		On exit  : 
		Unchanged: 
 Data sizes:     COMRAM   BANK0   BANK1   BANK2   BANK3   BANK4   BANK5   BANK6   BANK7
      Params:         0       0       0       0       0       0       0       0       0
      Locals:         0       0       0       0       0       0       0       0       0
      Temps:          0       0       0       0       0       0       0       0       0
      Totals:         0       0       0       0       0       0       0       0       0
Total ram usage:        0 bytes
 Hardware stack levels used:    1
 Hardware stack levels required when called:    1
 This function calls:
		Nothing
 This function is called by:
		_main
 This function uses a non-reentrant model


 *************** function _set_led_and_source *****************
 Defined at:
		line 204 in file "switches.c"
 Parameters:    Size  Location     Type
  s               1    wreg     unsigned char 
 Auto vars:     Size  Location     Type
  s               1   21[COMRAM] unsigned char 
 Return value:  Size  Location     Type
                  1    wreg      void 
 Registers used:
		wreg, status,2, status,0
 Tracked objects:
		On entry : 
		On exit  : 
		Unchanged: 
 Data sizes:     COMRAM   BANK0   BANK1   BANK2   BANK3   BANK4   BANK5   BANK6   BANK7
      Params:         0       0       0       0       0       0       0       0       0
      Locals:         1       0       0       0       0       0       0       0       0
      Temps:          3       0       0       0       0       0       0       0       0
      Totals:         4       0       0       0       0       0       0       0       0
Total ram usage:        4 bytes
 Hardware stack levels used:    1
 Hardware stack levels required when called:    1
 This function calls:
		Nothing
 This function is called by:
		_main
 This function uses a non-reentrant model


 *************** function _read_switches_synchronous *****************
 Defined at:
		line 162 in file "switches.c"
 Parameters:    Size  Location     Type
		None
 Auto vars:     Size  Location     Type
  s               1   22[COMRAM] unsigned char 
 Return value:  Size  Location     Type
                  1    wreg      unsigned char 
 Registers used:
		wreg, status,2, status,0, cstack
 Tracked objects:
		On entry : 
		On exit  : 
		Unchanged: 
 Data sizes:     COMRAM   BANK0   BANK1   BANK2   BANK3   BANK4   BANK5   BANK6   BANK7
      Params:         0       0       0       0       0       0       0       0       0
      Locals:         1       0       0       0       0       0       0       0       0
      Temps:          0       0       0       0       0       0       0       0       0
      Totals:         1       0       0       0       0       0       0       0       0
Total ram usage:        1 bytes
 Hardware stack levels used:    1
 Hardware stack levels required when called:    2
 This function calls:
		_read_switches
 This function is called by:
		_main
 This function uses a non-reentrant model


 *************** function _read_switches *****************
 Defined at:
		line 102 in file "switches.c"
 Parameters:    Size  Location     Type
		None
 Auto vars:     Size  Location     Type
  a2dval          2   20[COMRAM] int 
 Return value:  Size  Location     Type
                  1    wreg      unsigned char 
 Registers used:
		wreg, status,2, status,0
 Tracked objects:
		On entry : 
		On exit  : 
		Unchanged: 
 Data sizes:     COMRAM   BANK0   BANK1   BANK2   BANK3   BANK4   BANK5   BANK6   BANK7
      Params:         0       0       0       0       0       0       0       0       0
      Locals:         2       0       0       0       0       0       0       0       0
      Temps:          2       0       0       0       0       0       0       0       0
      Totals:         4       0       0       0       0       0       0       0       0
Total ram usage:        4 bytes
 Hardware stack levels used:    1
 Hardware stack levels required when called:    1
 This function calls:
		Nothing
 This function is called by:
		_main
		_read_switches_synchronous
 This function uses a non-reentrant model


 *************** function _init_volume *****************
 Defined at:
		line 29 in file "volume.c"
 Parameters:    Size  Location     Type
		None
 Auto vars:     Size  Location     Type
		None
 Return value:  Size  Location     Type
                  1    wreg      void 
 Registers used:
		wreg, status,2
 Tracked objects:
		On entry : 
		On exit  : 
		Unchanged: 
 Data sizes:     COMRAM   BANK0   BANK1   BANK2   BANK3   BANK4   BANK5   BANK6   BANK7
      Params:         0       0       0       0       0       0       0       0       0
      Locals:         0       0       0       0       0       0       0       0       0
      Temps:          0       0       0       0       0       0       0       0       0
      Totals:         0       0       0       0       0       0       0       0       0
Total ram usage:        0 bytes
 Hardware stack levels used:    1
 Hardware stack levels required when called:    1
 This function calls:
		Nothing
 This function is called by:
		_main
 This function uses a non-reentrant model


 *************** function _init_timer *****************
 Defined at:
		line 101 in file "newmain.c"
 Parameters:    Size  Location     Type
		None
 Auto vars:     Size  Location     Type
		None
 Return value:  Size  Location     Type
                  1    wreg      void 
 Registers used:
		None
 Tracked objects:
		On entry : 
		On exit  : 
		Unchanged: 
 Data sizes:     COMRAM   BANK0   BANK1   BANK2   BANK3   BANK4   BANK5   BANK6   BANK7
      Params:         0       0       0       0       0       0       0       0       0
      Locals:         0       0       0       0       0       0       0       0       0
      Temps:          0       0       0       0       0       0       0       0       0
      Totals:         0       0       0       0       0       0       0       0       0
Total ram usage:        0 bytes
 Hardware stack levels used:    1
 Hardware stack levels required when called:    1
 This function calls:
		Nothing
 This function is called by:
		_main
 This function uses a non-reentrant model


 *************** function _init_switches *****************
 Defined at:
		line 48 in file "switches.c"
 Parameters:    Size  Location     Type
		None
 Auto vars:     Size  Location     Type
		None
 Return value:  Size  Location     Type
                  1    wreg      void 
 Registers used:
		None
 Tracked objects:
		On entry : 
		On exit  : 
		Unchanged: 
 Data sizes:     COMRAM   BANK0   BANK1   BANK2   BANK3   BANK4   BANK5   BANK6   BANK7
      Params:         0       0       0       0       0       0       0       0       0
      Locals:         0       0       0       0       0       0       0       0       0
      Temps:          0       0       0       0       0       0       0       0       0
      Totals:         0       0       0       0       0       0       0       0       0
Total ram usage:        0 bytes
 Hardware stack levels used:    1
 Hardware stack levels required when called:    1
 This function calls:
		Nothing
 This function is called by:
		_main
 This function uses a non-reentrant model


 *************** function _init_shiftreg *****************
 Defined at:
		line 27 in file "switches.c"
 Parameters:    Size  Location     Type
		None
 Auto vars:     Size  Location     Type
		None
 Return value:  Size  Location     Type
                  1    wreg      void 
 Registers used:
		wreg, status,2
 Tracked objects:
		On entry : 
		On exit  : 
		Unchanged: 
 Data sizes:     COMRAM   BANK0   BANK1   BANK2   BANK3   BANK4   BANK5   BANK6   BANK7
      Params:         0       0       0       0       0       0       0       0       0
      Locals:         0       0       0       0       0       0       0       0       0
      Temps:          0       0       0       0       0       0       0       0       0
      Totals:         0       0       0       0       0       0       0       0       0
Total ram usage:        0 bytes
 Hardware stack levels used:    1
 Hardware stack levels required when called:    1
 This function calls:
		Nothing
 This function is called by:
		_main
 This function uses a non-reentrant model


 *************** function _init_lcd_chars *****************
 Defined at:
		line 183 in file "newmain.c"
 Parameters:    Size  Location     Type
		None
 Auto vars:     Size  Location     Type
		None
 Return value:  Size  Location     Type
                  1    wreg      void 
 Registers used:
		wreg, status,2, status,0, cstack
 Tracked objects:
		On entry : 
		On exit  : 
		Unchanged: 
 Data sizes:     COMRAM   BANK0   BANK1   BANK2   BANK3   BANK4   BANK5   BANK6   BANK7
      Params:         0       0       0       0       0       0       0       0       0
      Locals:         0       0       0       0       0       0       0       0       0
      Temps:          0       0       0       0       0       0       0       0       0
      Totals:         0       0       0       0       0       0       0       0       0
Total ram usage:        0 bytes
 Hardware stack levels used:    1
 Hardware stack levels required when called:    5
 This function calls:
		_LCD_code
 This function is called by:
		_main
 This function uses a non-reentrant model


 *************** function _clear_view_led *****************
 Defined at:
		line 82 in file "switches.c"
 Parameters:    Size  Location     Type
		None
 Auto vars:     Size  Location     Type
		None
 Return value:  Size  Location     Type
                  1    wreg      void 
 Registers used:
		None
 Tracked objects:
		On entry : 
		On exit  : 
		Unchanged: 
 Data sizes:     COMRAM   BANK0   BANK1   BANK2   BANK3   BANK4   BANK5   BANK6   BANK7
      Params:         0       0       0       0       0       0       0       0       0
      Locals:         0       0       0       0       0       0       0       0       0
      Temps:          0       0       0       0       0       0       0       0       0
      Totals:         0       0       0       0       0       0       0       0       0
Total ram usage:        0 bytes
 Hardware stack levels used:    1
 Hardware stack levels required when called:    1
 This function calls:
		Nothing
 This function is called by:
		_main
		_startup_sequence
 This function uses a non-reentrant model


 *************** function _clear_store_led *****************
 Defined at:
		line 90 in file "switches.c"
 Parameters:    Size  Location     Type
		None
 Auto vars:     Size  Location     Type
		None
 Return value:  Size  Location     Type
                  1    wreg      void 
 Registers used:
		None
 Tracked objects:
		On entry : 
		On exit  : 
		Unchanged: 
 Data sizes:     COMRAM   BANK0   BANK1   BANK2   BANK3   BANK4   BANK5   BANK6   BANK7
      Params:         0       0       0       0       0       0       0       0       0
      Locals:         0       0       0       0       0       0       0       0       0
      Temps:          0       0       0       0       0       0       0       0       0
      Totals:         0       0       0       0       0       0       0       0       0
Total ram usage:        0 bytes
 Hardware stack levels used:    1
 Hardware stack levels required when called:    1
 This function calls:
		Nothing
 This function is called by:
		_main
		_startup_sequence
 This function uses a non-reentrant model


 *************** function _clear_standby_led *****************
 Defined at:
		line 66 in file "switches.c"
 Parameters:    Size  Location     Type
		None
 Auto vars:     Size  Location     Type
		None
 Return value:  Size  Location     Type
                  1    wreg      void 
 Registers used:
		None
 Tracked objects:
		On entry : 
		On exit  : 
		Unchanged: 
 Data sizes:     COMRAM   BANK0   BANK1   BANK2   BANK3   BANK4   BANK5   BANK6   BANK7
      Params:         0       0       0       0       0       0       0       0       0
      Locals:         0       0       0       0       0       0       0       0       0
      Temps:          0       0       0       0       0       0       0       0       0
      Totals:         0       0       0       0       0       0       0       0       0
Total ram usage:        0 bytes
 Hardware stack levels used:    1
 Hardware stack levels required when called:    1
 This function calls:
		Nothing
 This function is called by:
		_main
 This function uses a non-reentrant model


 *************** function _clear_all_switch_leds *****************
 Defined at:
		line 186 in file "switches.c"
 Parameters:    Size  Location     Type
		None
 Auto vars:     Size  Location     Type
		None
 Return value:  Size  Location     Type
                  1    wreg      void 
 Registers used:
		wreg, status,2
 Tracked objects:
		On entry : 
		On exit  : 
		Unchanged: 
 Data sizes:     COMRAM   BANK0   BANK1   BANK2   BANK3   BANK4   BANK5   BANK6   BANK7
      Params:         0       0       0       0       0       0       0       0       0
      Locals:         0       0       0       0       0       0       0       0       0
      Temps:          0       0       0       0       0       0       0       0       0
      Totals:         0       0       0       0       0       0       0       0       0
Total ram usage:        0 bytes
 Hardware stack levels used:    1
 Hardware stack levels required when called:    1
 This function calls:
		Nothing
 This function is called by:
		_main
		_startup_sequence
 This function uses a non-reentrant model


 *************** function _clear_all_sources *****************
 Defined at:
		line 200 in file "switches.c"
 Parameters:    Size  Location     Type
		None
 Auto vars:     Size  Location     Type
		None
 Return value:  Size  Location     Type
                  1    wreg      void 
 Registers used:
		wreg, status,2
 Tracked objects:
		On entry : 
		On exit  : 
		Unchanged: 
 Data sizes:     COMRAM   BANK0   BANK1   BANK2   BANK3   BANK4   BANK5   BANK6   BANK7
      Params:         0       0       0       0       0       0       0       0       0
      Locals:         0       0       0       0       0       0       0       0       0
      Temps:          0       0       0       0       0       0       0       0       0
      Totals:         0       0       0       0       0       0       0       0       0
Total ram usage:        0 bytes
 Hardware stack levels used:    1
 Hardware stack levels required when called:    1
 This function calls:
		Nothing
 This function is called by:
		_main
		_startup_sequence
 This function uses a non-reentrant model


 *************** function _backlight_on *****************
 Defined at:
		line 298 in file "LCD-library.c"
 Parameters:    Size  Location     Type
		None
 Auto vars:     Size  Location     Type
		None
 Return value:  Size  Location     Type
                  1    wreg      void 
 Registers used:
		None
 Tracked objects:
		On entry : 
		On exit  : 
		Unchanged: 
 Data sizes:     COMRAM   BANK0   BANK1   BANK2   BANK3   BANK4   BANK5   BANK6   BANK7
      Params:         0       0       0       0       0       0       0       0       0
      Locals:         0       0       0       0       0       0       0       0       0
      Temps:          0       0       0       0       0       0       0       0       0
      Totals:         0       0       0       0       0       0       0       0       0
Total ram usage:        0 bytes
 Hardware stack levels used:    1
 Hardware stack levels required when called:    1
 This function calls:
		Nothing
 This function is called by:
		_main
 This function uses a non-reentrant model


 *************** function _backlight_off *****************
 Defined at:
		line 302 in file "LCD-library.c"
 Parameters:    Size  Location     Type
		None
 Auto vars:     Size  Location     Type
		None
 Return value:  Size  Location     Type
                  1    wreg      void 
 Registers used:
		None
 Tracked objects:
		On entry : 
		On exit  : 
		Unchanged: 
 Data sizes:     COMRAM   BANK0   BANK1   BANK2   BANK3   BANK4   BANK5   BANK6   BANK7
      Params:         0       0       0       0       0       0       0       0       0
      Locals:         0       0       0       0       0       0       0       0       0
      Temps:          0       0       0       0       0       0       0       0       0
      Totals:         0       0       0       0       0       0       0       0       0
Total ram usage:        0 bytes
 Hardware stack levels used:    1
 Hardware stack levels required when called:    1
 This function calls:
		Nothing
 This function is called by:
		_main
 This function uses a non-reentrant model


 *************** function _Wait *****************
 Defined at:
		line 123 in file "newmain.c"
 Parameters:    Size  Location     Type
  delay           2   18[COMRAM] unsigned int 
 Auto vars:     Size  Location     Type
		None
 Return value:  Size  Location     Type
[...]
Total ram usage:        1 bytes
 Hardware stack levels used:    1
 Hardware stack levels required when called:    7
 This function calls:
		_LCD_code
		_LCD_moveLeft
		_LCD_moveRight
 This function is called by:
		_LCD_displayString
		_LCD_slider
		_LCD_typewriteString
 This function uses a non-reentrant model


 *************** function _LCD_moveRight *****************
 Defined at:
		line 277 in file "LCD-library.c"
 Parameters:    Size  Location     Type
  howMuch         2   38[COMRAM] int 
 Auto vars:     Size  Location     Type
		None
 Return value:  Size  Location     Type
                  1    wreg      void 
 Registers used:
		wreg, status,2, status,0, cstack
 Tracked objects:
		On entry : 
		On exit  : 
		Unchanged: 
 Data sizes:     COMRAM   BANK0   BANK1   BANK2   BANK3   BANK4   BANK5   BANK6   BANK7
      Params:         2       0       0       0       0       0       0       0       0
      Locals:         0       0       0       0       0       0       0       0       0
      Temps:          2       0       0       0       0       0       0       0       0
      Totals:         4       0       0       0       0       0       0       0       0
Total ram usage:        4 bytes
 Hardware stack levels used:    1
 Hardware stack levels required when called:    6
 This function calls:
		_LCD_setCursor
 This function is called by:
		_LCD_displayChar
		_LCD_displayString
		_LCD_slider
		_LCD_typewriteString
		_LCD_displayNumberRight
 This function uses a non-reentrant model


 *************** function _LCD_moveLeft *****************
 Defined at:
		line 270 in file "LCD-library.c"
 Parameters:    Size  Location     Type
  howMuch         2   38[COMRAM] int 
 Auto vars:     Size  Location     Type
		None
 Return value:  Size  Location     Type
                  1    wreg      void 
 Registers used:
		wreg, status,2, status,0, cstack
 Tracked objects:
		On entry : 
		On exit  : 
		Unchanged: 
 Data sizes:     COMRAM   BANK0   BANK1   BANK2   BANK3   BANK4   BANK5   BANK6   BANK7
      Params:         2       0       0       0       0       0       0       0       0
      Locals:         0       0       0       0       0       0       0       0       0
      Temps:          2       0       0       0       0       0       0       0       0
      Totals:         4       0       0       0       0       0       0       0       0
Total ram usage:        4 bytes
 Hardware stack levels used:    1
 Hardware stack levels required when called:    6
 This function calls:
		_LCD_setCursor
 This function is called by:
		_LCD_displayChar
		_LCD_displayString
		_LCD_typewriteString
		_LCD_displayNumberRight
 This function uses a non-reentrant model


 *************** function _LCD_setCursor *****************
 Defined at:
		line 223 in file "LCD-library.c"
 Parameters:    Size  Location     Type
  pos             2   32[COMRAM] int 
  row             2   34[COMRAM] int 
 Auto vars:     Size  Location     Type
		None
 Return value:  Size  Location     Type
                  1    wreg      void 
 Registers used:
		wreg, status,2, status,0, cstack
 Tracked objects:
		On entry : 
		On exit  : 
		Unchanged: 
 Data sizes:     COMRAM   BANK0   BANK1   BANK2   BANK3   BANK4   BANK5   BANK6   BANK7
      Params:         4       0       0       0       0       0       0       0       0
      Locals:         0       0       0       0       0       0       0       0       0
      Temps:          2       0       0       0       0       0       0       0       0
      Totals:         6       0       0       0       0       0       0       0       0
Total ram usage:        6 bytes
 Hardware stack levels used:    1
 Hardware stack levels required when called:    5
 This function calls:
		_LCD_code
 This function is called by:
		_main
		_LCD_init
		_LCD_displayString
		_LCD_moveLeft
		_LCD_moveRight
		_LCD_slider
		_startup_sequence
		_LCD_typewriteString
		_LCD_moveUp
		_LCD_moveDown
 This function uses a non-reentrant model


 *************** function _LCD_cursorOff *****************
 Defined at:
		line 242 in file "LCD-library.c"
 Parameters:    Size  Location     Type
		None
 Auto vars:     Size  Location     Type
		None
 Return value:  Size  Location     Type
                  1    wreg      void 
 Registers used:
		wreg, status,2, status,0, cstack
 Tracked objects:
		On entry : 
		On exit  : 
		Unchanged: 
 Data sizes:     COMRAM   BANK0   BANK1   BANK2   BANK3   BANK4   BANK5   BANK6   BANK7
      Params:         0       0       0       0       0       0       0       0       0
      Locals:         0       0       0       0       0       0       0       0       0
      Temps:          2       0       0       0       0       0       0       0       0
      Totals:         2       0       0       0       0       0       0       0       0
Total ram usage:        2 bytes
 Hardware stack levels used:    1
 Hardware stack levels required when called:    5
 This function calls:
		_LCD_code
 This function is called by:
		_main
 This function uses a non-reentrant model


 *************** function _LCD_clear *****************
 Defined at:
		line 201 in file "LCD-library.c"
 Parameters:    Size  Location     Type
		None
 Auto vars:     Size  Location     Type
		None
 Return value:  Size  Location     Type
                  1    wreg      void 
 Registers used:
		wreg, status,2, status,0, cstack
 Tracked objects:
		On entry : 
		On exit  : 
		Unchanged: 
 Data sizes:     COMRAM   BANK0   BANK1   BANK2   BANK3   BANK4   BANK5   BANK6   BANK7
      Params:         0       0       0       0       0       0       0       0       0
      Locals:         0       0       0       0       0       0       0       0       0
      Temps:          0       0       0       0       0       0       0       0       0
      Totals:         0       0       0       0       0       0       0       0       0
Total ram usage:        0 bytes
 Hardware stack levels used:    1
 Hardware stack levels required when called:    5
 This function calls:
		_LCD_code
 This function is called by:
		_main
		_startup_sequence
 This function uses a non-reentrant model


 *************** function _LCD_code *****************
 Defined at:
		line 77 in file "LCD-library.c"
 Parameters:    Size  Location     Type
  code            2   25[COMRAM] int 
 Auto vars:     Size  Location     Type
		None
 Return value:  Size  Location     Type
                  1    wreg      void 
 Registers used:
		wreg, status,2, status,0, cstack
 Tracked objects:
		On entry : 
		On exit  : 
		Unchanged: 
 Data sizes:     COMRAM   BANK0   BANK1   BANK2   BANK3   BANK4   BANK5   BANK6   BANK7
      Params:         2       0       0       0       0       0       0       0       0
      Locals:         0       0       0       0       0       0       0       0       0
      Temps:          5       0       0       0       0       0       0       0       0
      Totals:         7       0       0       0       0       0       0       0       0
Total ram usage:        7 bytes
 Hardware stack levels used:    1
 Hardware stack levels required when called:    4
 This function calls:
		_LCD_4bitCode
		_LCD_8bitCode
 This function is called by:
		_init_lcd_chars
		_LCD_displayChar
		_LCD_clear
		_LCD_off
		_LCD_on
		_LCD_setCursor
		_LCD_home
		_LCD_cursorOff
		_LCD_cursorOn
		_LCD_blinkCursor
		_LCD_stopCursorBlinking
 This function uses a non-reentrant model


 *************** function _LCD_8bitCode *****************
 Defined at:
		line 59 in file "LCD-library.c"
 Parameters:    Size  Location     Type
  code            2   23[COMRAM] int 
 Auto vars:     Size  Location     Type
		None
 Return value:  Size  Location     Type
                  1    wreg      void 
 Registers used:
		wreg, status,2, status,0, cstack
 Tracked objects:
		On entry : 
		On exit  : 
		Unchanged: 
 Data sizes:     COMRAM   BANK0   BANK1   BANK2   BANK3   BANK4   BANK5   BANK6   BANK7
      Params:         2       0       0       0       0       0       0       0       0
      Locals:         0       0       0       0       0       0       0       0       0
      Temps:          0       0       0       0       0       0       0       0       0
      Totals:         2       0       0       0       0       0       0       0       0
Total ram usage:        2 bytes
 Hardware stack levels used:    1
 Hardware stack levels required when called:    3
 This function calls:
		_LCD_8bitCodeNoWait
		_LCD_wait
 This function is called by:
		_LCD_code
		_LCD_init
 This function uses a non-reentrant model


 *************** function _LCD_8bitCodeNoWait *****************
 Defined at:
		line 52 in file "LCD-library.c"
 Parameters:    Size  Location     Type
  code            2   18[COMRAM] int 
 Auto vars:     Size  Location     Type
		None
 Return value:  Size  Location     Type
                  1    wreg      void 
 Registers used:
		wreg, status,2, status,0
 Tracked objects:
		On entry : 
		On exit  : 
		Unchanged: 
 Data sizes:     COMRAM   BANK0   BANK1   BANK2   BANK3   BANK4   BANK5   BANK6   BANK7
      Params:         2       0       0       0       0       0       0       0       0
      Locals:         0       0       0       0       0       0       0       0       0
      Temps:          3       0       0       0       0       0       0       0       0
      Totals:         5       0       0       0       0       0       0       0       0
Total ram usage:        5 bytes
 Hardware stack levels used:    1
 Hardware stack levels required when called:    1
 This function calls:
		Nothing
 This function is called by:
		_LCD_8bitCode
		_LCD_init
 This function uses a non-reentrant model


 *************** function _LCD_4bitCode *****************
 Defined at:
		line 72 in file "LCD-library.c"
 Parameters:    Size  Location     Type
  code            2   23[COMRAM] int 
 Auto vars:     Size  Location     Type
		None
 Return value:  Size  Location     Type
                  1    wreg      void 
 Registers used:
		wreg, status,2, status,0, cstack
 Tracked objects:
		On entry : 
		On exit  : 
		Unchanged: 
 Data sizes:     COMRAM   BANK0   BANK1   BANK2   BANK3   BANK4   BANK5   BANK6   BANK7
      Params:         2       0       0       0       0       0       0       0       0
      Locals:         0       0       0       0       0       0       0       0       0
      Temps:          0       0       0       0       0       0       0       0       0
      Totals:         2       0       0       0       0       0       0       0       0
Total ram usage:        2 bytes
 Hardware stack levels used:    1
 Hardware stack levels required when called:    3
 This function calls:
		_LCD_4bitCodeNoWait
		_LCD_wait
 This function is called by:
		_LCD_code
		_LCD_init
 This function uses a non-reentrant model


 *************** function _LCD_wait *****************
 Defined at:
		line 11 in file "LCD-library.c"
 Parameters:    Size  Location     Type
		None
 Auto vars:     Size  Location     Type
		None
 Return value:  Size  Location     Type
                  1    wreg      void 
 Registers used:
		wreg, status,2, status,0, cstack
 Tracked objects:
		On entry : 
		On exit  : 
		Unchanged: 
 Data sizes:     COMRAM   BANK0   BANK1   BANK2   BANK3   BANK4   BANK5   BANK6   BANK7
      Params:         0       0       0       0       0       0       0       0       0
      Locals:         0       0       0       0       0       0       0       0       0
      Temps:          0       0       0       0       0       0       0       0       0
      Totals:         0       0       0       0       0       0       0       0       0
Total ram usage:        0 bytes
 Hardware stack levels used:    1
 Hardware stack levels required when called:    2
 This function calls:
		_LCD_delay
		_LCD_delay_us
 This function is called by:
		_LCD_8bitCode
		_LCD_4bitCode
 This function uses a non-reentrant model


 *************** function _LCD_delay_us *****************
 Defined at:
		line 7 in file "LCD-library.c"
 Parameters:    Size  Location     Type
  us              2   18[COMRAM] int 
 Auto vars:     Size  Location     Type
  i               2   21[COMRAM] int 
 Return value:  Size  Location     Type
                  1    wreg      void 
 Registers used:
		wreg, status,2, status,0
 Tracked objects:
		On entry : 
		On exit  : 
		Unchanged: 
 Data sizes:     COMRAM   BANK0   BANK1   BANK2   BANK3   BANK4   BANK5   BANK6   BANK7
      Params:         2       0       0       0       0       0       0       0       0
      Locals:         2       0       0       0       0       0       0       0       0
      Temps:          1       0       0       0       0       0       0       0       0
      Totals:         5       0       0       0       0       0       0       0       0
Total ram usage:        5 bytes
 Hardware stack levels used:    1
 Hardware stack levels required when called:    1
 This function calls:
		Nothing
 This function is called by:
		_LCD_wait
		_LCD_init
 This function uses a non-reentrant model


 *************** function _LCD_delay *****************
 Defined at:
		line 6 in file "LCD-library.c"
 Parameters:    Size  Location     Type
  time            2   18[COMRAM] int 
 Auto vars:     Size  Location     Type
  i               2   21[COMRAM] int 
 Return value:  Size  Location     Type
                  1    wreg      void 
 Registers used:
		wreg, status,2, status,0
 Tracked objects:
		On entry : 
		On exit  : 
		Unchanged: 
 Data sizes:     COMRAM   BANK0   BANK1   BANK2   BANK3   BANK4   BANK5   BANK6   BANK7
      Params:         2       0       0       0       0       0       0       0       0
      Locals:         2       0       0       0       0       0       0       0       0
      Temps:          1       0       0       0       0       0       0       0       0
      Totals:         5       0       0       0       0       0       0       0       0
Total ram usage:        5 bytes
 Hardware stack levels used:    1
 Hardware stack levels required when called:    1
 This function calls:
		Nothing
 This function is called by:
		_LCD_wait
 This function uses a non-reentrant model


 *************** function _LCD_4bitCodeNoWait *****************
 Defined at:
		line 64 in file "LCD-library.c"
 Parameters:    Size  Location     Type
  code            2   18[COMRAM] int 
 Auto vars:     Size  Location     Type
		None
 Return value:  Size  Location     Type
                  1    wreg      void 
 Registers used:
		wreg, status,2, status,0
 Tracked objects:
		On entry : 
		On exit  : 
		Unchanged: 
 Data sizes:     COMRAM   BANK0   BANK1   BANK2   BANK3   BANK4   BANK5   BANK6   BANK7
      Params:         2       0       0       0       0       0       0       0       0
      Locals:         0       0       0       0       0       0       0       0       0
      Temps:          3       0       0       0       0       0       0       0       0
      Totals:         5       0       0       0       0       0       0       0       0
Total ram usage:        5 bytes
 Hardware stack levels used:    1
 Hardware stack levels required when called:    1
 This function calls:
		Nothing
 This function is called by:
		_LCD_4bitCode
		_LCD_init
 This function uses a non-reentrant model


 *************** function _isr *****************
 Defined at:
		line 76 in file "newmain.c"
 Parameters:    Size  Location     Type
		None
 Auto vars:     Size  Location     Type
		None
 Return value:  Size  Location     Type
                  1    wreg      void 
 Registers used:
		wreg, status,2
 Tracked objects:
		On entry : 
		On exit  : 
		Unchanged: 
 Data sizes:     COMRAM   BANK0   BANK1   BANK2   BANK3   BANK4   BANK5   BANK6   BANK7
      Params:         0       0       0       0       0       0       0       0       0
      Locals:         0       0       0       0       0       0       0       0       0
      Temps:         18       0       0       0       0       0       0       0       0
      Totals:        18       0       0       0       0       0       0       0       0
Total ram usage:       18 bytes
 Hardware stack levels used:    1
 This function calls:
		Nothing
 This function is called by:
		Interrupt level 2
 This function uses a non-reentrant model



MODULE INFORMATION

Module		Function		Class		Link	Load	Size
LCD-library.c
		_LCD_8bitCode  		CODE           	2004	0000	19
		_LCD_clear     		CODE           	1FB8	0000	31
		_LCD_displayString		CODE           	1722	0000	181
		_LCD_cursorOff 		CODE           	1DD2	0000	63
		_backlight_on  		CODE           	2074	0000	5
		_LCD_on        		CODE           	1E4C	0000	57
		_backlight_off 		CODE           	2078	0000	5
		_LCD_4bitCode  		CODE           	2016	0000	19
		_LCD_displayChar		CODE           	1C5E	0000	83
		_LCD_code      		CODE           	1BAE	0000	95
		_LCD_home      		CODE           	1F9A	0000	31
		_LCD_wait      		CODE           	1668	0000	187
		_LCD_init      		CODE           	12D6	0000	443
		_LCD_moveLeft  		CODE           	1D8E	0000	69
		_LCD_slider    		CODE           	1B4C	0000	99
		_LCD_8bitCodeNoWait		CODE           	1CFC	0000	77
		_LCD_delay     		CODE           	1F3A	0000	37
		_LCD_moveRight 		CODE           	1E10	0000	61
		_LCD_delay_ms  		CODE           	1E84	0000	53
		_LCD_delay_us  		CODE           	1EB8	0000	47
		_LCD_off       		CODE           	1F7C	0000	31
		_LCD_setCursor 		CODE           	1884	0000	167
		_LCD_4bitCodeNoWait		CODE           	1A84	0000	103

LCD-library.c estimated size: 1963

switches.c
		_update_switches_and_relays		CODE           	17D6	0000	175
		_clear_store_led		CODE           	206C	0000	5
		_read_switches_synchronous		CODE           	1F12	0000	41
		_read_switches 		CODE           	1490	0000	253
		_set_led_and_source		CODE           	1A1E	0000	103
		_clear_all_switch_leds		CODE           	2044	0000	13
		_set_mute_led  		CODE           	205C	0000	5
		_clear_all_sources		CODE           	2050	0000	13
		_set_standby_led		CODE           	2064	0000	5
		_init_shiftreg 		CODE           	1F5E	0000	31
		_clear_mute_led		CODE           	2060	0000	5
		_clear_standby_led		CODE           	2070	0000	5
		_clear_view_led		CODE           	2068	0000	5
		_init_switches 		CODE           	2028	0000	17

switches.c estimated size: 676

newmain.c
		_main          		CODE           	086A	0000	1489
		_init_timer    		CODE           	1FF2	0000	19
		_isr           		CODE           	0008	0000	227
		_Wait          		CODE           	1FD6	0000	29
		_init_lcd_chars		CODE           	1094	0000	579

newmain.c estimated size: 2343

C:\Program Files (x86)\Microchip\xc8\v1.45\sources\common\awmod.c
		___awmod       		CODE           	19AE	0000	113

C:\Program Files (x86)\Microchip\xc8\v1.45\sources\common\awmod.c estimated size: 113

volume.c
		_init_volume   		CODE           	1EE6	0000	45
		_set_volume    		CODE           	1AEA	0000	99
		_toggle_mute   		CODE           	1CB0	0000	77
		_volumeDB      		CODE           	0E3A	0000	603

volume.c estimated size: 824

shared
		__initialization		CODE           	1D48	0000	57

shared estimated size: 57

C:\Program Files (x86)\Microchip\xc8\v1.45\sources\common\awdiv.c
		___awdiv       		CODE           	192A	0000	133

C:\Program Files (x86)\Microchip\xc8\v1.45\sources\common\awdiv.c estimated size: 133

C:\Program Files (x86)\Microchip\xc8\v1.45\sources\common\strlen.c
		_strlen        		CODE           	1C0C	0000	83

C:\Program Files (x86)\Microchip\xc8\v1.45\sources\common\strlen.c estimated size: 83

